Server: eZComponents/dev/ezcWebdavTransportWrapper
Content-Type: text/plain; charset="utf-8"
Content-Length: 312
HTTP/1.1 404 Not Found

<!DOCTYPE HTML PUBLIC "-//IETF//DTD HTML 2.0//EN">
                <html><head>
                <title>404 Not Found</title>
                </head><body>
                <h1>Not Found</h1>
                <p>The requested URL was not found on this server.</p>
                <hr>
                </body></html>
