ETag: 3c5969ba1eecb754a1dcbefd070f4bb6
Server: eZComponents/dev/ezcWebdavTransportWrapper
Content-Length: 0
HTTP/1.1 201 Created
