ETag: 28e11455fd37b93aba4d8367e9602baa
Server: eZComponents/dev/ezcWebdavTransportWrapper
Content-Length: 0
HTTP/1.1 201 Created
