Content-Length: 4096
ETag: XXX
Server: eZComponents/dev/ezcWebdavTransportWrapper
HTTP/1.1 200 OK
