ETag: ab747e616eebbbda42bf10e5a6fc10fa
Server: eZComponents/dev/ezcWebdavTransportWrapper
Content-Type: image/jpeg; charset="utf-8"
Content-Length: 57049
HTTP/1.1 200 OK
