ETag: 28e11455fd37b93aba4d8367e9602baa
Server: eZComponents/dev/ezcWebdavTransportWrapper
Content-Type: text/plain; charset="utf-8"
Content-Length: 14903
HTTP/1.1 200 OK
