Content-Type: text/xml; charset="utf-8"
Server: eZComponents/dev/ezcWebdavTransportWrapper
HTTP/1.1 207 Multi-Status

<?xml version="1.0" encoding="UTF-8"?>
<D:multistatus xmlns:D="DAV:">
  <D:response>
    <D:href>http://@ezc_webdav_host@/@ezc_siteaccess@/Content/@ezc_webdav_testfolder@/</D:href>
    <D:propstat>
      <D:prop>
        <D:invalid_property>dir2</D:invalid_property>
      </D:prop>
      <D:status>HTTP/1.1 403 Forbidden</D:status>
    </D:propstat>
  </D:response>
</D:multistatus>
