Content-Type: text/xml; charset="utf-8"
Server: eZComponents/dev/ezcWebdavTransportWrapper
HTTP/1.1 207 Multi-Status

<?xml version="1.0" encoding="UTF-8"?>
<D:multistatus xmlns:D="DAV:">
  <D:response xmlns:default="http://apache.org/dav/props/">
    <D:href>http://@ezc_webdav_host@/@ezc_siteaccess@/Content/</D:href>
    <D:propstat>
      <D:prop>
        <D:getcontentlength>4096</D:getcontentlength>
        <D:getlastmodified>Tue, 16 Dec 2008 10:43:27 +0000</D:getlastmodified>
        <D:creationdate>2009-01-06T08:57:32+0000</D:creationdate>
        <D:displayname>Content</D:displayname>
        <D:getcontenttype>httpd/unix-directory</D:getcontenttype>
        <D:resourcetype>
          <D:collection/>
        </D:resourcetype>
      </D:prop>
      <D:status>HTTP/1.1 200 OK</D:status>
    </D:propstat>
    <D:propstat xmlns:default="http://apache.org/dav/props/">
      <D:prop>
        <D:checked-in/>
        <D:checked-out/>
        <default:executable xmlns="http://apache.org/dav/props/"/>
      </D:prop>
      <D:status>HTTP/1.1 404 Not Found</D:status>
    </D:propstat>
  </D:response>
  <D:response xmlns:default="http://apache.org/dav/props/">
    <D:href>http://@ezc_webdav_host@/@ezc_siteaccess@/Content/@ezc_webdav_testfolder@</D:href>
    <D:propstat>
      <D:prop>
        <D:getcontentlength>4096</D:getcontentlength>
        <D:getlastmodified>Mon, 07 Jul 2008 14:46:08 +0000</D:getlastmodified>
        <D:creationdate>2008-07-07T14:46:08+0000</D:creationdate>
        <D:displayname>@ezc_webdav_testfolder@</D:displayname>
        <D:getcontenttype>httpd/unix-directory</D:getcontenttype>
        <D:resourcetype>
          <D:collection/>
        </D:resourcetype>
      </D:prop>
      <D:status>HTTP/1.1 200 OK</D:status>
    </D:propstat>
    <D:propstat xmlns:default="http://apache.org/dav/props/">
      <D:prop>
        <D:checked-in/>
        <D:checked-out/>
        <default:executable xmlns="http://apache.org/dav/props/"/>
      </D:prop>
      <D:status>HTTP/1.1 404 Not Found</D:status>
    </D:propstat>
  </D:response>
</D:multistatus>
