Content-Type: text/xml; charset="utf-8"
Server: eZComponents/dev/ezcWebdavTransportWrapper
HTTP/1.1 207 Multi-Status

<?xml version="1.0" encoding="UTF-8"?>
<D:multistatus xmlns:D="DAV:">
  <D:response xmlns:default="http://apache.org/dav/props/">
    <D:href>http://@ezc_webdav_host@/@ezc_siteaccess@/Content/@ezc_webdav_testfolder@/</D:href>
    <D:propstat>
      <D:prop>
        <D:getcontentlength>4096</D:getcontentlength>
        <D:getlastmodified>Thu, 05 Mar 2009 13:27:53 +0000</D:getlastmodified>
        <D:creationdate>2009-03-05T13:27:53+0000</D:creationdate>
        <D:displayname>@ezc_webdav_testfolder@</D:displayname>
        <D:getcontenttype>httpd/unix-directory</D:getcontenttype>
        <D:resourcetype>
          <D:collection/>
        </D:resourcetype>
      </D:prop>
      <D:status>HTTP/1.1 200 OK</D:status>
    </D:propstat>
    <D:propstat xmlns:default="http://apache.org/dav/props/">
      <D:prop>
        <D:checked-in/>
        <D:checked-out/>
        <default:executable xmlns="http://apache.org/dav/props/"/>
      </D:prop>
      <D:status>HTTP/1.1 404 Not Found</D:status>
    </D:propstat>
  </D:response>
</D:multistatus>
