Server: eZComponents/dev/ezcWebdavTransportWrapper
Content-Type: text/plain; charset="utf-8"
Content-Length: 21
HTTP/1.1 403 Forbidden

Authorization failed.
