Server: eZComponents/dev/ezcWebdavTransportWrapper
Content-Length: 0
HTTP/1.1 200 OK
